// Jest Snapshot v1, https://goo.gl/fbAQLP

exports[`renders correctly 1`] = `
[
  <label
    htmlFor=":r0:"
  >
    Label
  </label>,
  <input
    id=":r0:"
  />,
]
`;
